Welcome to Git (version 1.9.4-preview20140611)


Run 'git help git' to display the help index.
Run 'git help <command>' to display help for specific commands.

ridwa_000@DRUNO /C/wamp/www/pixel/20141102 georges cafe
$ git clone
You must specify a repository to clone.

usage: git clone [options] [--] <repo> [<dir>]

    -v, --verbose         be more verbose
    -q, --quiet           be more quiet
    --progress            force progress reporting
    -n, --no-checkout     don't create a checkout
    --bare                create a bare repository
    --mirror              create a mirror repository (implies bare)
    -l, --local           to clone from a local repository
    --no-hardlinks        don't use local hardlinks, always copy
    -s, --shared          setup as shared repository
    --recursive           initialize submodules in the clone
    --recurse-submodules  initialize submodules in the clone
    --template <template-directory>
                          directory from which templates will be used
    --reference <repo>    reference repository
    -o, --origin <name>   use <name> instead of 'origin' to track upstream
    -b, --branch <branch>
                          checkout <branch> instead of the remote's HEAD
    -u, --upload-pack <path>
                          path to git-upload-pack on the remote
    --depth <depth>       create a shallow clone of that depth
    --single-branch       clone only one branch, HEAD or --branch
    --separate-git-dir <gitdir>
                          separate git dir from working tree
    -c, --config <key=value>
                          set config inside the new repository


ridwa_000@DRUNO /C/wamp/www/pixel/20141102 georges cafe
$ git clone https://gitlab.com/stackoverflow789/georges-cafe-app.git
Cloning into 'georges-cafe-app'...
Username for 'https://gitlab.com': ridwan
Password for 'https://ridwan@gitlab.com':
remote: Counting objects: 5840, done.
remote: Compressing objects: 100% (3929/3929), done.
remote: Total 5840 (delta 1811), reused 5534 (delta 1603)
Receiving objects: 100% (5840/5840), 13.65 MiB | 330.00 KiB/s, done.
Resolving deltas: 100% (1811/1811), done.
Checking connectivity... done.
Checking out files: 100% (4457/4457), done.

ridwa_000@DRUNO /C/wamp/www/pixel/20141102 georges cafe
$ cd georges-cafe-app

ridwa_000@DRUNO /C/wamp/www/pixel/20141102 georges cafe/georges-cafe-app (master
)
$ git checkout dev-new
Branch dev-new set up to track remote branch dev-new from origin.
Switched to a new branch 'dev-new'

ridwa_000@DRUNO /C/wamp/www/pixel/20141102 georges cafe/georges-cafe-app (dev-ne
w)
$ git checkout -b journal-fix
Switched to a new branch 'journal-fix'

ridwa_000@DRUNO /C/wamp/www/pixel/20141102 georges cafe/georges-cafe-app (journa
l-fix)
$ git status
On branch journal-fix
Untracked files:
  (use "git add <file>..." to include in what will be committed)

        .gitignore

nothing added to commit but untracked files present (use "git add" to track)

ridwa_000@DRUNO /C/wamp/www/pixel/20141102 georges cafe/georges-cafe-app (journa
l-fix)
$ git add .

ridwa_000@DRUNO /C/wamp/www/pixel/20141102 georges cafe/georges-cafe-app (journa
l-fix)
$ git git status
git: 'git' is not a git command. See 'git --help'.

Did you mean this?
        init

ridwa_000@DRUNO /C/wamp/www/pixel/20141102 georges cafe/georges-cafe-app (journa
l-fix)
$ git status
On branch journal-fix
Changes to be committed:
  (use "git reset HEAD <file>..." to unstage)

        new file:   .gitignore

Changes not staged for commit:
  (use "git add <file>..." to update what will be committed)
  (use "git checkout -- <file>..." to discard changes in working directory)

        modified:   .gitignore


ridwa_000@DRUNO /C/wamp/www/pixel/20141102 georges cafe/georges-cafe-app (journa
l-fix)
$ git add .

ridwa_000@DRUNO /C/wamp/www/pixel/20141102 georges cafe/georges-cafe-app (journa
l-fix)
$ git status
On branch journal-fix
Changes to be committed:
  (use "git reset HEAD <file>..." to unstage)

        new file:   .gitignore


ridwa_000@DRUNO /C/wamp/www/pixel/20141102 georges cafe/georges-cafe-app (journa
l-fix)
$ git commit -m "gitignore added"
[journal-fix 9ed1a27] gitignore added
 1 file changed, 1 insertion(+)
 create mode 100644 .gitignore

ridwa_000@DRUNO /C/wamp/www/pixel/20141102 georges cafe/georges-cafe-app (journa
l-fix)
$ git status
On branch journal-fix
Changes not staged for commit:
  (use "git add <file>..." to update what will be committed)
  (use "git checkout -- <file>..." to discard changes in working directory)

        modified:   app/config/database.php

no changes added to commit (use "git add" and/or "git commit -a")

ridwa_000@DRUNO /C/wamp/www/pixel/20141102 georges cafe/georges-cafe-app (journa
l-fix)
$ git rm -r  --cached app/config
rm 'app/config/app.php'
rm 'app/config/auth.php'
rm 'app/config/cache.php'
rm 'app/config/compile.php'
rm 'app/config/database.php'
rm 'app/config/local/app.php'
rm 'app/config/local/database.php'
rm 'app/config/mail.php'
rm 'app/config/packages/.gitkeep'
rm 'app/config/queue.php'
rm 'app/config/remote.php'
rm 'app/config/services.php'
rm 'app/config/session.php'
rm 'app/config/testing/cache.php'
rm 'app/config/testing/session.php'
rm 'app/config/view.php'
rm 'app/config/workbench.php'

ridwa_000@DRUNO /C/wamp/www/pixel/20141102 georges cafe/georges-cafe-app (journa
l-fix)
$ git rm -r  --cached app/config/*/
fatal: pathspec 'app/config/local/' did not match any files

ridwa_000@DRUNO /C/wamp/www/pixel/20141102 georges cafe/georges-cafe-app (journa
l-fix)
$ git status
On branch journal-fix
Changes to be committed:
  (use "git reset HEAD <file>..." to unstage)

        deleted:    app/config/app.php
        deleted:    app/config/auth.php
        deleted:    app/config/cache.php
        deleted:    app/config/compile.php
        deleted:    app/config/database.php
        deleted:    app/config/local/app.php
        deleted:    app/config/local/database.php
        deleted:    app/config/mail.php
        deleted:    app/config/packages/.gitkeep
        deleted:    app/config/queue.php
        deleted:    app/config/remote.php
        deleted:    app/config/services.php
        deleted:    app/config/session.php
        deleted:    app/config/testing/cache.php
        deleted:    app/config/testing/session.php
        deleted:    app/config/view.php
        deleted:    app/config/workbench.php

Untracked files:
  (use "git add <file>..." to include in what will be committed)

        app/config/


ridwa_000@DRUNO /C/wamp/www/pixel/20141102 georges cafe/georges-cafe-app (journa
l-fix)
$ git commit -m "removed untracked files"
[journal-fix ba21933] removed untracked files
 17 files changed, 1107 deletions(-)
 delete mode 100644 app/config/app.php
 delete mode 100644 app/config/auth.php
 delete mode 100644 app/config/cache.php
 delete mode 100644 app/config/compile.php
 delete mode 100644 app/config/database.php
 delete mode 100644 app/config/local/app.php
 delete mode 100644 app/config/local/database.php
 delete mode 100644 app/config/mail.php
 delete mode 100644 app/config/packages/.gitkeep
 delete mode 100644 app/config/queue.php
 delete mode 100644 app/config/remote.php
 delete mode 100644 app/config/services.php
 delete mode 100644 app/config/session.php
 delete mode 100644 app/config/testing/cache.php
 delete mode 100644 app/config/testing/session.php
 delete mode 100644 app/config/view.php
 delete mode 100644 app/config/workbench.php

ridwa_000@DRUNO /C/wamp/www/pixel/20141102 georges cafe/georges-cafe-app (journa
l-fix)
$ git status
On branch journal-fix
Untracked files:
  (use "git add <file>..." to include in what will be committed)

        app/config/

nothing added to commit but untracked files present (use "git add" to track)

ridwa_000@DRUNO /C/wamp/www/pixel/20141102 georges cafe/georges-cafe-app (journa
l-fix)
$ git log --pretty=format:'%h : %s' --graph > log.log

ridwa_000@DRUNO /C/wamp/www/pixel/20141102 georges cafe/georges-cafe-app (journa
l-fix)
$ git ...  log > all-log.log
git: '...' is not a git command. See 'git --help'.

ridwa_000@DRUNO /C/wamp/www/pixel/20141102 georges cafe/georges-cafe-app (journa
l-fix)
$ git log > all-log.log

ridwa_000@DRUNO /C/wamp/www/pixel/20141102 georges cafe/georges-cafe-app (journa
l-fix)
$




























